../Core/Src/main.c:74:5:main	8	static
../Core/Src/main.c:128:6:SystemClock_Config	72	static
../Core/Src/main.c:168:13:MX_TIM2_Init	32	static
../Core/Src/main.c:213:13:MX_GPIO_Init	40	static
../Core/Src/main.c:258:6:doorTask	8	static
../Core/Src/main.c:299:6:openDoor	8	static
../Core/Src/main.c:304:6:closeDoor	8	static
../Core/Src/main.c:309:6:stopDoor	8	static
../Core/Src/main.c:314:6:listenClick	8	static
../Core/Src/main.c:397:6:turnOnUserLed	8	static
../Core/Src/main.c:401:6:turnOffUserLed	8	static
../Core/Src/main.c:405:6:checkButton	8	static
../Core/Src/main.c:419:6:Error_Handler	4	static,ignoring_inline_asm
